2026-03-05 14:56:50,263 [INFO] Activator:176 - 


2026-03-05 14:56:50,267 [INFO] Activator:177 - !SESSION log4j initialized
2026-03-05 14:56:53,451 [INFO] LogOutputStream:77 - [STDOUT_REDIRECT] 
2026-03-05 14:56:59,205 [INFO] ApplicationProperties:184 - Using Application install path: /opt/st/stm32cubeide_1.19.0/plugins/com.st.stm32cube.common.mx_6.15.0.202507011659
2026-03-05 14:56:59,219 [INFO] DbMcusXml:78 - Set database path to: /opt/st/stm32cubeide_1.19.0/plugins/com.st.stm32cube.common.mx_6.15.0.202507011659//db//mcu/
2026-03-05 14:56:59,219 [INFO] ApiDb:274 - Set plugin database path to: /opt/st/stm32cubeide_1.19.0/plugins/com.st.stm32cube.common.mx_6.15.0.202507011659//db//plugins/boardmanager/
2026-03-05 14:56:59,219 [WARN] ApiDb:259 - Overriding images path with different value:  => /opt/st/stm32cubeide_1.19.0/plugins/com.st.stm32cube.common.mx_6.15.0.202507011659//db//plugins/mcufinder/images/
2026-03-05 14:56:59,226 [INFO] ApiDb:250 - Set database path to: /home/inakigb/.stmcufinder/plugins/mcufinder//mcu/
2026-03-05 14:56:59,227 [INFO] DbMcusAds:125 - Set database path to: /home/inakigb/.stmcufinder/plugins/mcufinder//mcu/
2026-03-05 14:56:59,229 [INFO] CrossReferenceDbSqlite:203 - Set database path to: /home/inakigb/.stmcufinder/plugins/mcufinder//mcu/cs/
2026-03-05 14:56:59,306 [INFO] RulesReader:64 - Compatibility file has been processed (317 Rules)
2026-03-05 14:56:59,345 [INFO] DbMcusXml:78 - Set database path to: /opt/st/stm32cubeide_1.19.0/plugins/com.st.stm32cube.common.mx_6.15.0.202507011659//db//mcu/
2026-03-05 14:56:59,345 [INFO] ApiDb:274 - Set plugin database path to: /opt/st/stm32cubeide_1.19.0/plugins/com.st.stm32cube.common.mx_6.15.0.202507011659//db//plugins/boardmanager/
2026-03-05 14:56:59,345 [INFO] ApiDb:261 - Set plugin images path to: /opt/st/stm32cubeide_1.19.0/plugins/com.st.stm32cube.common.mx_6.15.0.202507011659//db//plugins/mcufinder/images/
2026-03-05 14:56:59,346 [WARN] DbFile:41 - Overriding database path with different value: /home/inakigb/.stmcufinder/plugins/mcufinder/ => /home/inakigb/.stmcufinder/plugins/mcufinder
2026-03-05 14:56:59,346 [INFO] ApiDb:250 - Set database path to: /home/inakigb/.stmcufinder/plugins/mcufinder//mcu/
2026-03-05 14:56:59,346 [WARN] DbFile:41 - Overriding database path with different value: /home/inakigb/.stmcufinder/plugins/mcufinder/ => /home/inakigb/.stmcufinder/plugins/mcufinder
2026-03-05 14:56:59,346 [INFO] DbMcusAds:125 - Set database path to: /home/inakigb/.stmcufinder/plugins/mcufinder//mcu/
2026-03-05 14:56:59,346 [WARN] DbFile:41 - Overriding database path with different value: /home/inakigb/.stmcufinder/plugins/mcufinder/ => /home/inakigb/.stmcufinder/plugins/mcufinder
2026-03-05 14:56:59,346 [WARN] DbFile:41 - Overriding database path with different value: /home/inakigb/.stmcufinder/plugins/mcufinder/ => /home/inakigb/.stmcufinder/plugins/mcufinder
2026-03-05 14:56:59,346 [INFO] CrossReferenceDbSqlite:203 - Set database path to: /home/inakigb/.stmcufinder/plugins/mcufinder//mcu/cs/
2026-03-05 14:56:59,386 [INFO] MainPanel:274 - HeapMemory: 268435456
2026-03-05 14:56:59,495 [INFO] DbMcusXml:78 - Set database path to: /opt/st/stm32cubeide_1.19.0/plugins/com.st.stm32cube.common.mx_6.15.0.202507011659//db//mcu/
2026-03-05 14:56:59,495 [INFO] ApiDb:274 - Set plugin database path to: /opt/st/stm32cubeide_1.19.0/plugins/com.st.stm32cube.common.mx_6.15.0.202507011659//db//plugins/boardmanager/
2026-03-05 14:56:59,495 [INFO] ApiDb:261 - Set plugin images path to: /opt/st/stm32cubeide_1.19.0/plugins/com.st.stm32cube.common.mx_6.15.0.202507011659//db//plugins/mcufinder/images/
2026-03-05 14:56:59,496 [WARN] DbFile:41 - Overriding database path with different value: /home/inakigb/.stmcufinder/plugins/mcufinder/ => /home/inakigb/.stmcufinder/plugins/mcufinder
2026-03-05 14:56:59,496 [INFO] ApiDb:250 - Set database path to: /home/inakigb/.stmcufinder/plugins/mcufinder//mcu/
2026-03-05 14:56:59,496 [WARN] DbFile:41 - Overriding database path with different value: /home/inakigb/.stmcufinder/plugins/mcufinder/ => /home/inakigb/.stmcufinder/plugins/mcufinder
2026-03-05 14:56:59,496 [INFO] DbMcusAds:125 - Set database path to: /home/inakigb/.stmcufinder/plugins/mcufinder//mcu/
2026-03-05 14:56:59,496 [WARN] DbFile:41 - Overriding database path with different value: /home/inakigb/.stmcufinder/plugins/mcufinder/ => /home/inakigb/.stmcufinder/plugins/mcufinder
2026-03-05 14:56:59,496 [WARN] DbFile:41 - Overriding database path with different value: /home/inakigb/.stmcufinder/plugins/mcufinder/ => /home/inakigb/.stmcufinder/plugins/mcufinder
2026-03-05 14:56:59,496 [INFO] CrossReferenceDbSqlite:203 - Set database path to: /home/inakigb/.stmcufinder/plugins/mcufinder//mcu/cs/
2026-03-05 14:56:59,504 [INFO] ApplicationProperties:184 - Using Application install path: /opt/st/stm32cubeide_1.19.0/plugins/com.st.stm32cube.common.mx_6.15.0.202507011659
2026-03-05 14:56:59,506 [INFO] PluginManage:196 - Search for loadable plugins [exclusion list=, ]
2026-03-05 14:56:59,507 [INFO] PluginManage:310 - Check plugin analytics
2026-03-05 14:56:59,656 [INFO] AnalyticsPlugin:253 - Accepted Software Licenses: 
2026-03-05 14:56:59,656 [INFO] AnalyticsPlugin:255 - Accepted CMSIS Pack Licenses: 
2026-03-05 14:56:59,657 [INFO] AnalyticsPlugin:257 - Accepted Firmware Licenses: 
2026-03-05 14:56:59,659 [INFO] PluginManage:359 - Loaded plugin analytics (category:tool,tabindex:-1)
2026-03-05 14:56:59,659 [INFO] PluginManage:310 - Check plugin cadmodel
2026-03-05 14:56:59,665 [INFO] CADModel:105 - Init CAD model plugin
2026-03-05 14:56:59,665 [INFO] PluginManage:359 - Loaded plugin cadmodel (category:power,tabindex:5)
2026-03-05 14:56:59,665 [INFO] PluginManage:310 - Check plugin clock
2026-03-05 14:56:59,675 [INFO] PluginManage:359 - Loaded plugin clock (category:base,tabindex:2)
2026-03-05 14:56:59,675 [INFO] PluginManage:310 - Check plugin ddr
2026-03-05 14:56:59,678 [INFO] PluginManage:359 - Loaded plugin ddr (category:tool,tabindex:6)
2026-03-05 14:56:59,678 [INFO] PluginManage:310 - Check plugin filemanager
2026-03-05 14:56:59,789 [INFO] PluginManage:359 - Loaded plugin filemanager (category:base,tabindex:10)
2026-03-05 14:56:59,789 [INFO] PluginManage:310 - Check plugin ipmanager
2026-03-05 14:56:59,793 [INFO] PluginManage:359 - Loaded plugin ipmanager (category:base,tabindex:5)
2026-03-05 14:56:59,793 [INFO] PluginManage:310 - Check plugin lpbam
2026-03-05 14:56:59,799 [INFO] PluginManage:359 - Loaded plugin lpbam (category:base,tabindex:0)
2026-03-05 14:56:59,799 [INFO] PluginManage:310 - Check plugin memorymap
2026-03-05 14:56:59,807 [INFO] PluginManage:359 - Loaded plugin memorymap (category:base,tabindex:4)
2026-03-05 14:56:59,807 [INFO] PluginManage:310 - Check plugin pinoutandconfiguration
2026-03-05 14:56:59,812 [INFO] PluginManage:359 - Loaded plugin pinoutandconfiguration (category:base,tabindex:1)
2026-03-05 14:56:59,812 [INFO] PluginManage:310 - Check plugin pinoutconfig
2026-03-05 14:56:59,864 [WARN] SupportedApi:132 - Cannot load RTOS API schema: s4s-elt-must-match.1: The content of 'definitions' must match (annotation?, (simpleType | complexType)?, (unique | key | keyref)*)). A problem was found starting at: attribute.
2026-03-05 14:56:59,961 [INFO] PluginManage:359 - Loaded plugin pinoutconfig (category:base,tabindex:0)
2026-03-05 14:56:59,961 [INFO] PluginManage:310 - Check plugin power
2026-03-05 14:56:59,970 [INFO] PluginManage:359 - Loaded plugin power (category:power,tabindex:4)
2026-03-05 14:56:59,970 [INFO] PluginManage:310 - Check plugin projectmanager
2026-03-05 14:56:59,985 [INFO] PluginManage:359 - Loaded plugin projectmanager (category:projectmanager,tabindex:4)
2026-03-05 14:56:59,986 [INFO] PluginManage:310 - Check plugin rif
2026-03-05 14:56:59,996 [INFO] PluginManage:359 - Loaded plugin rif (category:base,tabindex:3)
2026-03-05 14:56:59,996 [INFO] PluginManage:310 - Check plugin thirdparty
2026-03-05 14:57:00,094 [INFO] PluginManage:359 - Loaded plugin thirdparty (category:base,tabindex:-1)
2026-03-05 14:57:00,094 [WARN] IntegrityCheckThread:84 - waiting for thirdparty lock release [integrity check]
2026-03-05 14:57:00,094 [INFO] PluginManage:310 - Check plugin tools
2026-03-05 14:57:00,094 [INFO] IntegrityCheckThread:86 - entering critical section [integrity check]
2026-03-05 14:57:00,094 [INFO] ThirdPartyUpdaterWithRetryManager:70 - Updater plugin not ready yet. [1/15]
2026-03-05 14:57:00,096 [INFO] PluginManage:359 - Loaded plugin tools (category:base,tabindex:7)
2026-03-05 14:57:00,096 [INFO] PluginManage:310 - Check plugin tutovideos
2026-03-05 14:57:00,224 [INFO] PluginManage:359 - Loaded plugin tutovideos (category:base,tabindex:-1)
2026-03-05 14:57:00,224 [INFO] PluginManage:310 - Check plugin updater
2026-03-05 14:57:00,242 [INFO] PluginManage:359 - Loaded plugin updater (category:base,tabindex:12)
2026-03-05 14:57:00,242 [INFO] PluginManage:310 - Check plugin userauth
2026-03-05 14:57:00,245 [INFO] UserAuth:118 - Init User Auth plugin
2026-03-05 14:57:00,245 [INFO] PluginManage:359 - Loaded plugin userauth (category:base,tabindex:14)
2026-03-05 14:57:00,245 [INFO] PluginManage:283 - PluginManage : Loaded plugins [18]
2026-03-05 14:57:00,351 [INFO] PinOutPanel:1589 - setPackage(No Configuration,No Configuration)
2026-03-05 14:57:00,399 [INFO] CADModel:165 - CPN selected for project level
2026-03-05 14:57:00,400 [INFO] CADModel:114 - Register for checkConnection events
2026-03-05 14:57:00,409 [INFO] IPUIPlugin:80 - create IPUIPlugin
2026-03-05 14:57:00,409 [INFO] PluginManager:220 - loadIPPluginJar : add openamp
2026-03-05 14:57:00,414 [INFO] IPUIPlugin:80 - create IPUIPlugin
2026-03-05 14:57:00,414 [INFO] PluginManager:220 - loadIPPluginJar : add dma
2026-03-05 14:57:00,418 [INFO] IPUIPlugin:80 - create IPUIPlugin
2026-03-05 14:57:00,418 [INFO] PluginManager:220 - loadIPPluginJar : add cryp
2026-03-05 14:57:00,423 [INFO] IPUIPlugin:80 - create IPUIPlugin
2026-03-05 14:57:00,423 [INFO] PluginManager:220 - loadIPPluginJar : add freertos
2026-03-05 14:57:00,424 [INFO] IPUIPlugin:80 - create IPUIPlugin
2026-03-05 14:57:00,424 [INFO] PluginManager:220 - loadIPPluginJar : add ltdc
2026-03-05 14:57:00,425 [INFO] IPUIPlugin:80 - create IPUIPlugin
2026-03-05 14:57:00,425 [INFO] PluginManager:220 - loadIPPluginJar : add comp
2026-03-05 14:57:00,426 [INFO] IPUIPlugin:80 - create IPUIPlugin
2026-03-05 14:57:00,426 [INFO] PluginManager:220 - loadIPPluginJar : add fatfs
2026-03-05 14:57:00,426 [INFO] IPUIPlugin:80 - create IPUIPlugin
2026-03-05 14:57:00,426 [INFO] PluginManager:220 - loadIPPluginJar : add tsc
2026-03-05 14:57:00,428 [INFO] IPUIPlugin:80 - create IPUIPlugin
2026-03-05 14:57:00,428 [INFO] PluginManager:220 - loadIPPluginJar : add i3c
2026-03-05 14:57:00,430 [INFO] IPUIPlugin:80 - create IPUIPlugin
2026-03-05 14:57:00,430 [INFO] PluginManager:220 - loadIPPluginJar : add ipddr
2026-03-05 14:57:00,432 [INFO] IPUIPlugin:80 - create IPUIPlugin
2026-03-05 14:57:00,432 [INFO] PluginManager:220 - loadIPPluginJar : add extmemmanager
2026-03-05 14:57:00,433 [INFO] IPUIPlugin:80 - create IPUIPlugin
2026-03-05 14:57:00,433 [INFO] PluginManager:220 - loadIPPluginJar : add spi
2026-03-05 14:57:00,438 [INFO] IPUIPlugin:80 - create IPUIPlugin
2026-03-05 14:57:00,438 [INFO] PluginManager:220 - loadIPPluginJar : add linkedlist
2026-03-05 14:57:00,439 [INFO] IPUIPlugin:80 - create IPUIPlugin
2026-03-05 14:57:00,439 [INFO] PluginManager:220 - loadIPPluginJar : add can
2026-03-05 14:57:00,441 [INFO] IPUIPlugin:80 - create IPUIPlugin
2026-03-05 14:57:00,441 [INFO] PluginManager:220 - loadIPPluginJar : add i2c
2026-03-05 14:57:00,441 [INFO] IPUIPlugin:80 - create IPUIPlugin
2026-03-05 14:57:00,441 [INFO] PluginManager:220 - loadIPPluginJar : add ts
2026-03-05 14:57:00,444 [INFO] IPUIPlugin:80 - create IPUIPlugin
2026-03-05 14:57:00,444 [INFO] PluginManager:220 - loadIPPluginJar : add ddr_ctrl_phy
2026-03-05 14:57:00,444 [INFO] IPUIPlugin:80 - create IPUIPlugin
2026-03-05 14:57:00,444 [INFO] PluginManager:220 - loadIPPluginJar : add tim
2026-03-05 14:57:00,447 [INFO] IPUIPlugin:80 - create IPUIPlugin
2026-03-05 14:57:00,448 [INFO] PluginManager:220 - loadIPPluginJar : add resmgrutility
2026-03-05 14:57:00,452 [INFO] IPUIPlugin:80 - create IPUIPlugin
2026-03-05 14:57:00,453 [INFO] PluginManager:220 - loadIPPluginJar : add plateformsettings
2026-03-05 14:57:00,454 [INFO] IPUIPlugin:80 - create IPUIPlugin
2026-03-05 14:57:00,454 [INFO] PluginManager:220 - loadIPPluginJar : add genericplugin
2026-03-05 14:57:00,456 [INFO] IPUIPlugin:80 - create IPUIPlugin
2026-03-05 14:57:00,457 [INFO] PluginManager:220 - loadIPPluginJar : add fmc
2026-03-05 14:57:00,459 [INFO] IPUIPlugin:80 - create IPUIPlugin
2026-03-05 14:57:00,459 [INFO] PluginManager:220 - loadIPPluginJar : add usbx
2026-03-05 14:57:00,460 [INFO] IPUIPlugin:80 - create IPUIPlugin
2026-03-05 14:57:00,460 [INFO] PluginManager:220 - loadIPPluginJar : add sai
2026-03-05 14:57:00,461 [INFO] IPUIPlugin:80 - create IPUIPlugin
2026-03-05 14:57:00,462 [INFO] PluginManager:220 - loadIPPluginJar : add opamp
2026-03-05 14:57:00,466 [INFO] IPUIPlugin:80 - create IPUIPlugin
2026-03-05 14:57:00,466 [INFO] PluginManager:220 - loadIPPluginJar : add stm32_wpan
2026-03-05 14:57:00,467 [INFO] IPUIPlugin:80 - create IPUIPlugin
2026-03-05 14:57:00,467 [INFO] PluginManager:220 - loadIPPluginJar : add pdm2pcm
2026-03-05 14:57:00,470 [INFO] IPUIPlugin:80 - create IPUIPlugin
2026-03-05 14:57:00,470 [INFO] PluginManager:220 - loadIPPluginJar : add nvic
2026-03-05 14:57:00,471 [INFO] IPUIPlugin:80 - create IPUIPlugin
2026-03-05 14:57:00,471 [INFO] PluginManager:220 - loadIPPluginJar : add lorawan
2026-03-05 14:57:00,473 [INFO] IPUIPlugin:80 - create IPUIPlugin
2026-03-05 14:57:00,473 [INFO] PluginManager:220 - loadIPPluginJar : add gtzc
2026-03-05 14:57:00,474 [INFO] IPUIPlugin:80 - create IPUIPlugin
2026-03-05 14:57:00,474 [INFO] PluginManager:220 - loadIPPluginJar : add hash
2026-03-05 14:57:00,475 [INFO] IPUIPlugin:80 - create IPUIPlugin
2026-03-05 14:57:00,475 [INFO] PluginManager:220 - loadIPPluginJar : add gfxmmu
2026-03-05 14:57:00,481 [INFO] IPUIPlugin:80 - create IPUIPlugin
2026-03-05 14:57:00,481 [INFO] PluginManager:220 - loadIPPluginJar : add mdma
2026-03-05 14:57:00,486 [INFO] IPUIPlugin:80 - create IPUIPlugin
2026-03-05 14:57:00,486 [INFO] PluginManager:220 - loadIPPluginJar : add gpio
2026-03-05 14:57:00,487 [INFO] IPUIPlugin:80 - create IPUIPlugin
2026-03-05 14:57:00,487 [INFO] PluginManager:220 - loadIPPluginJar : add tracer_emb
2026-03-05 14:57:00,488 [INFO] IPUIPlugin:80 - create IPUIPlugin
2026-03-05 14:57:00,488 [INFO] PluginManager:220 - loadIPPluginJar : add ucpd
2026-03-05 14:57:00,489 [INFO] IPUIPlugin:80 - create IPUIPlugin
2026-03-05 14:57:00,489 [INFO] PluginManager:220 - loadIPPluginJar : add usart
2026-03-05 14:57:00,492 [INFO] IPUIPlugin:80 - create IPUIPlugin
2026-03-05 14:57:00,492 [INFO] PluginManager:220 - loadIPPluginJar : add gic
2026-03-05 14:57:00,493 [INFO] IPUIPlugin:80 - create IPUIPlugin
2026-03-05 14:57:00,493 [INFO] PluginManager:220 - loadIPPluginJar : add radio
2026-03-05 14:57:00,494 [INFO] IPUIPlugin:80 - create IPUIPlugin
2026-03-05 14:57:00,494 [INFO] PluginManager:220 - loadIPPluginJar : add aes
2026-03-05 14:57:00,495 [INFO] IPUIPlugin:80 - create IPUIPlugin
2026-03-05 14:57:00,495 [INFO] PluginManager:220 - loadIPPluginJar : add i2s
2026-03-05 14:57:00,496 [INFO] IPUIPlugin:80 - create IPUIPlugin
2026-03-05 14:57:00,496 [INFO] PluginManager:220 - loadIPPluginJar : add dfsdm
2026-03-05 14:57:00,498 [INFO] IPUIPlugin:80 - create IPUIPlugin
2026-03-05 14:57:00,498 [INFO] PluginManager:220 - loadIPPluginJar : add touchsensing
2026-03-05 14:57:00,499 [INFO] IPUIPlugin:80 - create IPUIPlugin
2026-03-05 14:57:00,499 [INFO] PluginManager:220 - loadIPPluginJar : add dma3
2026-03-05 14:57:00,500 [INFO] IPUIPlugin:80 - create IPUIPlugin
2026-03-05 14:57:00,500 [INFO] PluginManager:220 - loadIPPluginJar : add quadspi
2026-03-05 14:57:00,503 [INFO] IPUIPlugin:80 - create IPUIPlugin
2026-03-05 14:57:00,503 [INFO] PluginManager:220 - loadIPPluginJar : add adc
2026-03-05 14:57:00,593 [FATAL] Updater:351 - Updater called before beeing initialized
2026-03-05 14:57:00,613 [INFO] RulesReader:64 - Compatibility file has been processed (317 Rules)
2026-03-05 14:57:00,618 [INFO] RulesReader:64 - Compatibility file has been processed (317 Rules)
2026-03-05 14:57:00,622 [INFO] CADModel:165 - CPN selected for project level
2026-03-05 14:57:00,622 [INFO] CADModel:114 - Register for checkConnection events
2026-03-05 14:57:00,622 [FATAL] Updater:351 - Updater called before beeing initialized
2026-03-05 14:57:00,622 [ERROR] CADModel:125 - Updater not yet initialized, retry later 
2026-03-05 14:57:00,717 [FATAL] Updater:351 - Updater called before beeing initialized
2026-03-05 14:57:00,719 [INFO] CADModel:165 - CPN selected for project level
2026-03-05 14:57:00,719 [INFO] CADModel:114 - Register for checkConnection events
2026-03-05 14:57:00,719 [FATAL] Updater:351 - Updater called before beeing initialized
2026-03-05 14:57:00,719 [ERROR] CADModel:125 - Updater not yet initialized, retry later 
2026-03-05 14:57:00,722 [FATAL] Updater:351 - Updater called before beeing initialized
2026-03-05 14:57:00,784 [FATAL] Updater:351 - Updater called before beeing initialized
2026-03-05 14:57:00,788 [INFO] DbMcusAds:53 - JSON generation date=Tue Jul 08 05:14:23 ART 2025 (1751962463582)
2026-03-05 14:57:00,788 [FATAL] Updater:351 - Updater called before beeing initialized
2026-03-05 14:57:00,813 [WARN] DetailPanel:346 - Failed to get advertising image, set to default
2026-03-05 14:57:00,860 [FATAL] Updater:351 - Updater called before beeing initialized
2026-03-05 14:57:00,863 [FATAL] Updater:351 - Updater called before beeing initialized
2026-03-05 14:57:00,863 [FATAL] Updater:351 - Updater called before beeing initialized
2026-03-05 14:57:00,863 [WARN] DetailPanel:346 - Failed to get advertising image, set to default
2026-03-05 14:57:00,864 [FATAL] Updater:351 - Updater called before beeing initialized
2026-03-05 14:57:00,890 [ERROR] Updater:1198 - MainUpdater not yet initialized. External WinMGr cannot be set.
2026-03-05 14:57:00,891 [INFO] Updater:1134 - Updater Version found : 6.15.0
2026-03-05 14:57:00,904 [INFO] ApplicationProperties:184 - Using Application install path: /opt/st/stm32cubeide_1.19.0/plugins/com.st.stm32cube.common.mx_6.15.0.202507011659
2026-03-05 14:57:01,151 [INFO] MainUpdater:2872 - connection check result : 10
2026-03-05 14:57:01,151 [INFO] MainUpdater:289 - Updater Check For Update Now.
2026-03-05 14:57:01,151 [INFO] MicroXplorer:498 - Change Database Version : DB.6.0.150
2026-03-05 14:57:01,163 [INFO] McuFinderGlobals:63 - Set McuFinder mode to 2 (CubeIDE integrated)
2026-03-05 14:57:01,164 [INFO] UserAuth:487 - Internet connection configuration mode: 1
2026-03-05 14:57:01,184 [INFO] JxBrowserEngine:152 - Initiate JxBrowser Engine with user profile folder
2026-03-05 14:57:01,335 [INFO] CheckServerUpdateThread:120 - End of CheckServer Thread
2026-03-05 14:57:02,032 [INFO] WebApp:169 - Instantiating new browser for Auth
2026-03-05 14:57:02,547 [INFO] WebApp:463 - Apply proxy settings
2026-03-05 14:57:02,547 [INFO] WebApp:548 - Chromium requires no authentication
2026-03-05 14:57:02,554 [INFO] WebApp:491 - Direct internet connection detected
2026-03-05 14:57:02,567 [INFO] WebApp:900 - Register for checkConnection events
2026-03-05 14:57:02,567 [INFO] WebApp:463 - Apply proxy settings
2026-03-05 14:57:02,568 [INFO] WebApp:548 - Chromium requires no authentication
2026-03-05 14:57:02,568 [INFO] WebApp:491 - Direct internet connection detected
2026-03-05 14:57:02,651 [INFO] WebApp:225 - Starting web application
2026-03-05 14:57:02,651 [INFO] WebApp:593 - Web application path used /opt/st/stm32cubeide_1.19.0/plugins/com.st.stm32cube.common.mx_6.15.0.202507011659/db/plugins/mcufinder/reactClient1/index.html
2026-03-05 14:57:02,733 [INFO] UserAuth:487 - Internet connection configuration mode: 1
2026-03-05 14:57:02,779 [INFO] WebApp:191 - Connection restablished
2026-03-05 14:57:03,198 [WARN] PackLoader:240 - Cannot read IP mode file for STMicroelectronics.X-CUBE-AZRTOS-H7.3.5.0
2026-03-05 14:57:03,207 [WARN] PackLoader:240 - Cannot read IP mode file for STMicroelectronics.FP-SNS-MOTENVWB1.1.4.0
2026-03-05 14:57:03,212 [WARN] PackLoader:240 - Cannot read IP mode file for STMicroelectronics.FP-ATR-ASTRA1.2.0.2
2026-03-05 14:57:03,217 [WARN] PackLoader:240 - Cannot read IP mode file for STMicroelectronics.X-CUBE-SMBUS.2.1.0
2026-03-05 14:57:03,221 [WARN] PackLoader:240 - Cannot read IP mode file for STMicroelectronics.X-CUBE-ST60.1.0.0
2026-03-05 14:57:03,239 [WARN] PackLoader:240 - Cannot read IP mode file for STMicroelectronics.X-CUBE-AZRTOS-F7.1.1.0
2026-03-05 14:57:03,246 [WARN] PackLoader:240 - Cannot read IP mode file for STMicroelectronics.FP-SNS-MOTENV1.5.1.0
2026-03-05 14:57:03,255 [WARN] PackLoader:240 - Cannot read IP mode file for WES.I-CUBE-Cesium.1.4.0
2026-03-05 14:57:03,306 [WARN] PackLoader:240 - Cannot read IP mode file for Infineon.AIROC-Wi-Fi-Bluetooth-STM32.1.7.1
2026-03-05 14:57:03,331 [WARN] PackLoader:240 - Cannot read IP mode file for STMicroelectronics.X-CUBE-AZRTOS-H7.3.4.0
2026-03-05 14:57:03,344 [WARN] PackLoader:240 - Cannot read IP mode file for STMicroelectronics.X-CUBE-DISPLAY.3.0.0
2026-03-05 14:57:03,356 [WARN] PackLoader:240 - Cannot read IP mode file for STMicroelectronics.FP-SNS-MOTENVWB1.1.5.0
2026-03-05 14:57:03,374 [WARN] PackLoader:240 - Cannot read IP mode file for STMicroelectronics.X-CUBE-NFC10.1.0.0
2026-03-05 14:57:03,382 [WARN] PackLoader:240 - Cannot read IP mode file for STMicroelectronics.X-CUBE-ST60.1.1.0
2026-03-05 14:57:03,387 [WARN] PackLoader:240 - Cannot read IP mode file for emotas.I-CUBE-CANOPEN.1.3.0
2026-03-05 14:57:03,392 [WARN] PackLoader:240 - Cannot read IP mode file for STMicroelectronics.X-CUBE-GNSS1.7.1.0
2026-03-05 14:57:03,399 [WARN] PackLoader:240 - Cannot read IP mode file for STMicroelectronics.FP-SNS-STBOX1.2.1.0
2026-03-05 14:57:03,403 [WARN] PackLoader:240 - Cannot read IP mode file for STMicroelectronics.FP-SNS-SMARTAG2.1.2.0
2026-03-05 14:57:03,405 [WARN] PackLoader:240 - Cannot read IP mode file for STMicroelectronics.FP-SNS-FLIGHT1.5.1.0
2026-03-05 14:57:03,410 [INFO] LogOutputStream:77 - [STDOUT_REDIRECT] 1 : Invalid condition id : UX_CORESTACK_Condition cause : null
2026-03-05 14:57:03,410 [INFO] LogOutputStream:77 - [STDOUT_REDIRECT] 1 : Invalid condition id : UX_CORESTACK_Condition cause : null
2026-03-05 14:57:03,410 [INFO] LogOutputStream:77 - [STDOUT_REDIRECT] 1 : Invalid condition id : UX_CORESTACK_Condition cause : null
2026-03-05 14:57:03,410 [INFO] LogOutputStream:77 - [STDOUT_REDIRECT] 1 : Invalid condition id : UX_CORESTACK_Condition cause : null
2026-03-05 14:57:03,411 [INFO] LogOutputStream:77 - [STDOUT_REDIRECT] 1 : Invalid condition id : UX_CORESTACK_Condition cause : null
2026-03-05 14:57:03,412 [WARN] PackLoader:240 - Cannot read IP mode file for STMicroelectronics.X-CUBE-AZRTOS-WL.2.0.0
2026-03-05 14:57:03,416 [WARN] PackLoader:240 - Cannot read IP mode file for STMicroelectronics.FP-SNS-MOTENV1.5.0.0
2026-03-05 14:57:03,428 [WARN] PackLoader:240 - Cannot read IP mode file for STMicroelectronics.X-CUBE-AZRTOS-H7RS.1.2.0
2026-03-05 14:57:03,434 [WARN] PackLoader:240 - Cannot read IP mode file for STMicroelectronics.X-CUBE-BLE2.3.3.0
2026-03-05 14:57:03,453 [WARN] PackLoader:240 - Cannot read IP mode file for STMicroelectronics.X-CUBE-NFC9.1.0.0
2026-03-05 14:57:03,457 [WARN] PackLoader:240 - Cannot read IP mode file for wolfSSL.I-CUBE-wolfSSL.5.8.2
2026-03-05 14:57:03,461 [WARN] PackLoader:240 - Cannot read IP mode file for STMicroelectronics.X-CUBE-BLE1.7.1.0
2026-03-05 14:57:03,464 [WARN] PackLoader:240 - Cannot read IP mode file for wolfSSL.I-CUBE-wolfMQTT.1.19.2
2026-03-05 14:57:03,467 [WARN] PackLoader:240 - Cannot read IP mode file for STMicroelectronics.X-CUBE-FREERTOS.1.4.0
2026-03-05 14:57:03,472 [WARN] PackLoader:240 - Cannot read IP mode file for STMicroelectronics.X-CUBE-EEPRMA1.5.2.0
2026-03-05 14:57:03,478 [WARN] PackLoader:240 - Cannot read IP mode file for STMicroelectronics.X-CUBE-ST67W61.1.1.0
2026-03-05 14:57:03,505 [WARN] PackLoader:240 - Cannot read IP mode file for STMicroelectronics.X-CUBE-MEMS1.12.0.0
2026-03-05 14:57:03,559 [WARN] PackLoader:240 - Cannot read IP mode file for STMicroelectronics.X-CUBE-AZRTOS-G0.1.1.0
2026-03-05 14:57:03,564 [WARN] PackLoader:240 - Cannot read IP mode file for STMicroelectronics.X-CUBE-SAFEA1.1.2.2
2026-03-05 14:57:03,568 [WARN] PackLoader:240 - Cannot read IP mode file for STMicroelectronics.X-CUBE-NFC4.3.0.0
2026-03-05 14:57:03,573 [WARN] PackLoader:240 - Cannot read IP mode file for EmbeddedOffice.I-CUBE-FS-RTOS.1.0.1
2026-03-05 14:57:03,577 [WARN] PackLoader:240 - Cannot read IP mode file for STMicroelectronics.X-CUBE-WB05N.2.0.0
2026-03-05 14:57:03,580 [WARN] PackLoader:240 - Cannot read IP mode file for wolfSSL.I-CUBE-wolfTPM.3.8.0
2026-03-05 14:57:03,584 [WARN] PackLoader:240 - Cannot read IP mode file for STMicroelectronics.X-CUBE-TCPP.4.2.0
2026-03-05 14:57:03,587 [WARN] PackLoader:240 - Cannot read IP mode file for RealThread.X-CUBE-RT-Thread_Nano.4.1.1
2026-03-05 14:57:03,589 [WARN] PackLoader:240 - Cannot read IP mode file for STMicroelectronics.FP-ATR-SIGFOX1.3.2.0
2026-03-05 14:57:03,593 [WARN] PackLoader:240 - Cannot read IP mode file for STMicroelectronics.X-CUBE-FREERTOS.1.5.0
2026-03-05 14:57:03,595 [WARN] PackLoader:240 - Cannot read IP mode file for ITTIA_DB.I-CUBE-ITTIADB.8.9.0
2026-03-05 14:57:03,598 [WARN] PackLoader:240 - Cannot read IP mode file for STMicroelectronics.X-CUBE-NFC6.3.2.0
2026-03-05 14:57:03,601 [WARN] PackLoader:240 - Cannot read IP mode file for STMicroelectronics.X-CUBE-ST67W61.1.0.0
2026-03-05 14:57:03,603 [WARN] PackLoader:240 - Cannot read IP mode file for STMicroelectronics.X-CUBE-AI.10.2.0
2026-03-05 14:57:03,613 [WARN] PackLoader:240 - Cannot read IP mode file for SEGGER.I-CUBE-embOS.1.3.1
2026-03-05 14:57:03,637 [WARN] PackLoader:240 - Cannot read IP mode file for STMicroelectronics.X-CUBE-ALGOBUILD.1.4.0
2026-03-05 14:57:03,657 [WARN] PackLoader:240 - Cannot read IP mode file for STMicroelectronics.X-CUBE-MEMS1.11.3.0
2026-03-05 14:57:03,702 [WARN] PackLoader:240 - Cannot read IP mode file for STMicroelectronics.X-CUBE-PM33A1.1.0.0
2026-03-05 14:57:03,709 [WARN] PackLoader:240 - Cannot read IP mode file for STMicroelectronics.X-CUBE-AZRTOS-F4.1.1.0
2026-03-05 14:57:03,712 [WARN] PackLoader:240 - Cannot read IP mode file for Avnet-IotConnect.X-CUBE-IoTC-DA16k-PMOD.1.0.0
2026-03-05 14:57:03,713 [WARN] PackLoader:240 - Cannot read IP mode file for STMicroelectronics.X-CUBE-ISPU.2.1.0
2026-03-05 14:57:03,718 [WARN] PackLoader:240 - Cannot read IP mode file for STMicroelectronics.X-CUBE-IPS.3.2.0
2026-03-05 14:57:03,730 [WARN] PackLoader:240 - Cannot read IP mode file for STMicroelectronics.X-CUBE-NFC12.1.0.0
2026-03-05 14:57:03,741 [WARN] PackLoader:240 - Cannot read IP mode file for STMicroelectronics.X-CUBE-AZRTOS-L5.2.0.0
2026-03-05 14:57:03,748 [WARN] PackLoader:240 - Cannot read IP mode file for STMicroelectronics.X-CUBE-NFC6.3.1.0
2026-03-05 14:57:03,753 [WARN] PackLoader:240 - Cannot read IP mode file for STMicroelectronics.X-CUBE-FREERTOS.1.3.1
2026-03-05 14:57:03,757 [WARN] PackLoader:240 - Cannot read IP mode file for STMicroelectronics.X-CUBE-TOUCHGFX.4.26.0
2026-03-05 14:57:03,760 [WARN] PackLoader:240 - Cannot read IP mode file for STMicroelectronics.X-CUBE-TOUCHGFX.4.26.1
2026-03-05 14:57:03,764 [WARN] PackLoader:240 - Cannot read IP mode file for STMicroelectronics.FP-SNS-STAIOTCFT.1.0.0
2026-03-05 14:57:03,788 [WARN] PackLoader:240 - Cannot read IP mode file for STMicroelectronics.X-CUBE-DPower.1.3.0
2026-03-05 14:57:03,799 [WARN] ConditionMgr:438 - getConditionDescription Invalid condition id : LAN8742 Phy interface Condition cause : null
2026-03-05 14:57:03,799 [WARN] PackLoader:240 - Cannot read IP mode file for STMicroelectronics.X-CUBE-AZRTOS-L4.2.0.0
2026-03-05 14:57:03,800 [WARN] ConditionMgr:1044 - genDependencies : Invalid condition id : LAN8742 Phy interface Condition cause : null
2026-03-05 14:57:03,800 [WARN] ConditionMgr:1044 - genDependencies : Invalid condition id : LAN8742 Phy interface Condition cause : null
2026-03-05 14:57:03,801 [WARN] ConditionMgr:1044 - genDependencies : Invalid condition id : LAN8742 Phy interface Condition cause : null
2026-03-05 14:57:03,807 [WARN] PackLoader:240 - Cannot read IP mode file for STMicroelectronics.X-CUBE-SFXS2LP1.4.0.0
2026-03-05 14:57:03,813 [WARN] PackLoader:240 - Cannot read IP mode file for STMicroelectronics.X-CUBE-ST67W61.1.2.0
2026-03-05 14:57:03,819 [WARN] PackLoader:240 - Cannot read IP mode file for STMicroelectronics.X-CUBE-BLEMGR.4.1.0
2026-03-05 14:57:03,827 [WARN] ConditionMgr:438 - getConditionDescription Invalid condition id : UX DEVICE CLASS RTOS Condition cause : null
2026-03-05 14:57:03,827 [WARN] ConditionMgr:438 - getConditionDescription Invalid condition id : UX DEVICE CLASS RTOS Condition cause : null
2026-03-05 14:57:03,829 [WARN] PackLoader:240 - Cannot read IP mode file for STMicroelectronics.X-CUBE-AZRTOS-WB.2.0.0
2026-03-05 14:57:03,829 [WARN] ConditionMgr:1044 - genDependencies : Invalid condition id : UX DEVICE CLASS RTOS Condition cause : null
2026-03-05 14:57:03,829 [WARN] ConditionMgr:1044 - genDependencies : Invalid condition id : UX DEVICE CLASS RTOS Condition cause : null
2026-03-05 14:57:03,829 [WARN] ConditionMgr:1044 - genDependencies : Invalid condition id : UX DEVICE CLASS RTOS Condition cause : null
2026-03-05 14:57:03,830 [WARN] ConditionMgr:1044 - genDependencies : Invalid condition id : UX DEVICE CLASS RTOS Condition cause : null
2026-03-05 14:57:03,830 [WARN] ConditionMgr:1044 - genDependencies : Invalid condition id : UX DEVICE CLASS RTOS Condition cause : null
2026-03-05 14:57:03,833 [WARN] PackLoader:240 - Cannot read IP mode file for STMicroelectronics.X-CUBE-GNSS1.7.0.1
2026-03-05 14:57:03,836 [WARN] PackLoader:240 - Cannot read IP mode file for STMicroelectronics.X-CUBE-TOUCHGFX.4.25.0
2026-03-05 14:57:03,839 [WARN] ConditionMgr:438 - getConditionDescription Invalid condition id : Cortex-A Device cause : null
2026-03-05 14:57:03,845 [WARN] ConditionMgr:1044 - genDependencies : Invalid condition id : Cortex-A Device cause : null
2026-03-05 14:57:03,845 [WARN] ConditionMgr:1044 - genDependencies : Invalid condition id : Cortex-A Device cause : null
2026-03-05 14:57:03,845 [WARN] ConditionMgr:1044 - genDependencies : Invalid condition id : Cortex-A Device cause : null
2026-03-05 14:57:03,849 [WARN] PackLoader:240 - Cannot read IP mode file for STMicroelectronics.X-CUBE-STSE01.2.0.0
2026-03-05 14:57:03,857 [WARN] PackLoader:240 - Cannot read IP mode file for STMicroelectronics.X-CUBE-SUBG2.5.0.0
2026-03-05 14:57:03,869 [WARN] PackLoader:240 - Cannot read IP mode file for STMicroelectronics.X-CUBE-AZRTOS-H7RS.1.1.0
2026-03-05 14:57:03,873 [WARN] PackLoader:240 - Cannot read IP mode file for Cesanta.I-CUBE-Mongoose.7.13.0
2026-03-05 14:57:03,880 [WARN] PackLoader:240 - Cannot read IP mode file for STMicroelectronics.X-CUBE-AZRTOS-G4.2.0.0
2026-03-05 14:57:03,884 [WARN] PackLoader:240 - Cannot read IP mode file for wolfSSL.I-CUBE-wolfSSH.1.4.20
2026-03-05 14:57:03,886 [WARN] PackLoader:240 - Cannot read IP mode file for STMicroelectronics.X-CUBE-NFC7.2.0.0
2026-03-05 14:57:03,892 [WARN] PackLoader:240 - Cannot read IP mode file for STMicroelectronics.X-CUBE-IPS.3.1.0
2026-03-05 14:57:03,897 [WARN] PackLoader:240 - Cannot read IP mode file for STMicroelectronics.X-CUBE-ALS.1.0.2
2026-03-05 14:57:03,903 [WARN] PackLoader:240 - Cannot read IP mode file for STMicroelectronics.X-CUBE-STSE01.1.0.0
2026-03-05 14:57:03,906 [WARN] PackLoader:240 - Cannot read IP mode file for portGmbH.I-Cube-SoM-uGOAL.1.1.0
2026-03-05 14:57:03,910 [WARN] PackLoader:240 - Cannot read IP mode file for STMicroelectronics.X-CUBE-TOF1.3.4.3
2026-03-05 14:57:03,914 [INFO] ThirdParty:978 - Integrity check success = true
2026-03-05 14:57:03,914 [INFO] IntegrityCheckThread:100 - exiting critical section [integrity check]
2026-03-05 14:57:03,914 [INFO] IntegrityCheckThread:103 - End integrity checks thread
